cow is national animal
apple is my favourite fruit
a for apple
do good and be good  